2025-07-06 14:34:17,067 - INFO - Initializing WebDriver
2025-07-06 14:34:20,129 - INFO - Loading Google Maps
2025-07-06 14:34:24,393 - INFO - Getting input search box
2025-07-06 14:34:24,897 - INFO - Searching for W.P. Putrajaya:
2025-07-06 14:34:32,134 - INFO - Looking for nearby location button
2025-07-06 14:34:33,466 - INFO - Getting nearby location input search box 
2025-07-06 14:34:33,527 - INFO - Searching for KFC near Putrajaya, W.P. Putrajaya:
2025-07-06 14:34:41,009 - INFO - Looking for Searched Results
2025-07-06 14:34:41,042 - INFO - Found. Scrolling search results list
2025-07-06 14:34:52,277 - INFO - Extracting Page Source
2025-07-06 14:34:52,278 - INFO - Result list not found. Only One Result available
2025-07-06 14:34:54,279 - INFO - Extracting Page Source
2025-07-06 14:34:54,367 - INFO - KFC near Putrajaya, W.P. Putrajaya: 1
2025-07-06 14:34:54,369 - INFO - Data for W.P. Putrajaya was loaded into csv
2025-07-06 14:37:29,712 - INFO - Initializing WebDriver
2025-07-06 14:37:31,808 - INFO - Loading Google Maps
2025-07-06 14:37:35,577 - INFO - Getting input search box
2025-07-06 14:37:35,892 - INFO - Searching for W.P. Putrajaya:
2025-07-06 14:37:43,074 - INFO - Looking for nearby location button
2025-07-06 14:37:44,342 - INFO - Getting nearby location input search box 
2025-07-06 14:37:44,457 - INFO - Searching for KFC near Putrajaya, W.P. Putrajaya:
2025-07-06 14:37:51,795 - INFO - Looking for Searched Results
2025-07-06 14:37:51,822 - INFO - Found. Scrolling search results list
2025-07-06 14:38:05,556 - INFO - Extracting Page Source
2025-07-06 14:38:05,559 - INFO - Result list not found. Only One Result available
2025-07-06 14:38:07,559 - INFO - Extracting Page Source
2025-07-06 14:38:07,651 - INFO - KFC near Putrajaya, W.P. Putrajaya: 1
2025-07-06 14:38:07,652 - INFO - Data for W.P. Putrajaya was loaded into csv
2025-07-06 14:41:42,850 - INFO - Initializing WebDriver
2025-07-06 14:41:45,079 - INFO - Loading Google Maps
2025-07-06 14:41:48,925 - INFO - Getting input search box
2025-07-06 14:41:49,058 - INFO - Searching for W.P. Labuan:
2025-07-06 14:41:56,356 - INFO - Looking for nearby location button
2025-07-06 14:41:57,490 - INFO - Getting nearby location input search box 
2025-07-06 14:41:57,586 - INFO - Searching for KFC near Labuan, W.P. Labuan:
2025-07-06 14:42:04,993 - INFO - Looking for Searched Results
2025-07-06 14:42:05,025 - INFO - Found. Scrolling search results list
2025-07-06 14:42:16,292 - INFO - Result list not found. Only One Result available
2025-07-06 14:42:18,292 - INFO - Extracting Page Source
2025-07-06 14:42:18,332 - INFO - KFC near Labuan, W.P. Labuan: 1
2025-07-06 14:42:18,334 - INFO - Data for W.P. Labuan was loaded into csv
2025-07-06 14:47:09,472 - INFO - Initializing WebDriver
2025-07-06 14:47:11,596 - INFO - Loading Google Maps
2025-07-06 14:47:15,379 - INFO - Getting input search box
2025-07-06 14:47:15,578 - INFO - Searching for W.P. Labuan:
2025-07-06 14:47:22,648 - INFO - Looking for nearby location button
2025-07-06 14:47:23,775 - INFO - Getting nearby location input search box 
2025-07-06 14:47:23,838 - INFO - Searching for KFC near Labuan, W.P. Labuan:
2025-07-06 14:47:31,210 - INFO - Looking for Searched Results
2025-07-06 14:47:31,257 - INFO - Found. Scrolling search results list
2025-07-06 14:47:42,661 - INFO - Result list not found. Only One Result available
2025-07-06 14:47:44,662 - INFO - Extracting Page Source
2025-07-06 14:47:44,702 - INFO - KFC near Labuan, W.P. Labuan: 1
2025-07-06 14:47:44,704 - INFO - Data for W.P. Labuan was loaded into csv
2025-07-06 16:52:59,418 - INFO - Initializing WebDriver
2025-07-06 16:53:02,301 - INFO - Loading Google Maps
2025-07-06 16:53:05,999 - INFO - Getting input search box
2025-07-06 16:53:06,199 - INFO - Searching for W.P. Labuan:
2025-07-06 16:53:13,371 - INFO - Looking for nearby location button
2025-07-06 16:53:14,696 - INFO - Getting nearby location input search box 
2025-07-06 16:53:14,833 - INFO - Searching for KFC near Labuan, W.P. Labuan:
2025-07-06 16:53:22,237 - INFO - Looking for Searched Results
2025-07-06 16:53:22,264 - INFO - Found. Scrolling search results list
2025-07-06 16:53:32,469 - INFO - Result list not found. Only One Result available
2025-07-06 16:53:34,470 - INFO - Extracting Page Source
2025-07-06 16:53:34,588 - INFO - KFC near Labuan, W.P. Labuan: 1
2025-07-06 16:53:34,589 - INFO - Data for W.P. Labuan was loaded into csv
2025-07-06 16:56:17,863 - INFO - Initializing WebDriver
2025-07-06 16:56:20,112 - INFO - Loading Google Maps
2025-07-06 16:56:23,780 - INFO - Getting input search box
2025-07-06 16:56:23,873 - INFO - Searching for W.P. Labuan:
2025-07-06 16:56:30,991 - INFO - Looking for nearby location button
2025-07-06 16:56:32,266 - INFO - Getting nearby location input search box 
2025-07-06 16:56:32,396 - INFO - Searching for KFC near Labuan, W.P. Labuan:
2025-07-06 16:56:39,681 - INFO - Looking for Searched Results
2025-07-06 16:56:39,748 - INFO - Found. Scrolling search results list
2025-07-06 16:56:57,204 - INFO - Extracting Page Source
2025-07-06 16:56:57,204 - INFO - Result list not found. Only One Result available
2025-07-06 16:56:59,205 - INFO - Extracting Page Source
2025-07-06 16:56:59,297 - INFO - KFC near Labuan, W.P. Labuan: 1
2025-07-06 16:56:59,299 - INFO - Data for W.P. Labuan was loaded into csv
2025-07-06 17:02:00,379 - INFO - Initializing WebDriver
2025-07-06 17:02:02,914 - INFO - Loading Google Maps
2025-07-06 17:02:06,782 - INFO - Getting input search box
2025-07-06 17:02:07,205 - INFO - Searching for W.P. Labuan:
2025-07-06 17:02:14,578 - INFO - Looking for nearby location button
2025-07-06 17:02:15,815 - INFO - Getting nearby location input search box 
2025-07-06 17:02:15,989 - INFO - Searching for KFC near Labuan, W.P. Labuan:
2025-07-06 17:02:23,369 - INFO - Looking for Searched Results
2025-07-06 17:02:23,422 - INFO - Found. Scrolling search results list
2025-07-06 17:02:40,992 - INFO - Extracting Page Source
2025-07-06 17:02:40,993 - INFO - Result list not found. Only One Result available
2025-07-06 17:02:42,994 - INFO - Extracting Page Source
2025-07-06 17:02:43,084 - INFO - KFC near Labuan, W.P. Labuan: 1
2025-07-06 17:02:43,086 - INFO - Data for W.P. Labuan was loaded into csv
2025-07-06 17:12:50,539 - INFO - Initializing WebDriver
2025-07-06 17:12:53,029 - INFO - Loading Google Maps
2025-07-06 17:12:56,928 - INFO - Getting input search box
2025-07-06 17:12:57,634 - INFO - Searching for W.P. Labuan:
2025-07-06 17:13:05,084 - INFO - Looking for nearby location button
2025-07-06 17:13:06,302 - INFO - Getting nearby location input search box 
2025-07-06 17:13:06,403 - INFO - Searching for KFC near Labuan, W.P. Labuan:
2025-07-06 17:13:13,778 - INFO - Looking for Searched Results
2025-07-06 17:13:13,830 - INFO - Found. Scrolling search results list
2025-07-06 17:13:31,541 - INFO - Extracting Page Source
2025-07-06 17:13:31,541 - INFO - Result list not found. Only One Result available
2025-07-06 17:13:33,542 - INFO - Extracting Page Source
2025-07-06 17:13:33,627 - INFO - KFC near Labuan, W.P. Labuan: 1
2025-07-06 17:13:33,629 - INFO - Data for W.P. Labuan was loaded into csv
2025-07-06 17:15:37,820 - INFO - Initializing WebDriver
2025-07-06 17:15:40,223 - INFO - Loading Google Maps
2025-07-06 17:15:43,381 - INFO - Getting input search box
2025-07-06 17:15:43,721 - INFO - Searching for W.P. Labuan:
2025-07-06 17:15:50,858 - INFO - Looking for nearby location button
2025-07-06 17:15:52,127 - INFO - Getting nearby location input search box 
2025-07-06 17:15:52,269 - INFO - Searching for KFC near Labuan, W.P. Labuan:
2025-07-06 17:15:59,604 - INFO - Looking for Searched Results
2025-07-06 17:15:59,656 - INFO - Found. Scrolling search results list
2025-07-06 17:16:12,420 - INFO - Result list not found. Only One Result available
2025-07-06 17:16:14,420 - INFO - Extracting Page Source
2025-07-06 17:16:14,519 - INFO - KFC near Labuan, W.P. Labuan: 1
2025-07-06 17:16:14,520 - INFO - Data for W.P. Labuan was loaded into csv
2025-07-06 17:22:11,377 - INFO - Initializing WebDriver
2025-07-06 17:22:13,551 - INFO - Loading Google Maps
2025-07-06 17:22:17,280 - INFO - Getting input search box
2025-07-06 17:22:17,421 - INFO - Searching for W.P. Labuan:
2025-07-06 17:22:24,661 - INFO - Looking for nearby location button
2025-07-06 17:22:25,925 - INFO - Getting nearby location input search box 
2025-07-06 17:22:26,086 - INFO - Searching for KFC near Labuan, W.P. Labuan:
2025-07-06 17:22:33,543 - INFO - Looking for Searched Results
2025-07-06 17:22:33,593 - INFO - Found. Scrolling search results list
2025-07-06 17:22:51,246 - INFO - Extracting Page Source
2025-07-06 17:22:51,247 - INFO - KFC near Labuan, W.P. Labuan: 3
2025-07-06 17:22:51,249 - INFO - Data for W.P. Labuan was loaded into csv
2025-07-06 17:31:44,526 - INFO - Initializing WebDriver
2025-07-06 17:31:46,653 - INFO - Loading Google Maps
2025-07-06 17:31:50,571 - INFO - Getting input search box
2025-07-06 17:31:51,040 - INFO - Searching for W.P. Labuan:
2025-07-06 17:31:58,788 - INFO - Looking for nearby location button
2025-07-06 17:32:01,958 - INFO - Getting nearby location input search box 
2025-07-06 17:32:02,245 - INFO - Searching for KFC near Labuan, W.P. Labuan:
2025-07-06 17:32:10,079 - INFO - Looking for Searched Results
2025-07-06 17:32:10,147 - INFO - Found. Scrolling search results list
2025-07-06 17:32:27,888 - INFO - Extracting Page Source
2025-07-06 17:32:27,892 - INFO - KFC near Labuan, W.P. Labuan: 3
2025-07-06 17:32:27,893 - INFO - Data for W.P. Labuan was loaded into csv
2025-07-06 16:58:46,172 - INFO - Initializing WebDriver
2025-07-06 16:58:48,261 - INFO - Loading Google Maps
2025-07-06 16:58:52,002 - INFO - Getting input search box
2025-07-06 16:58:52,642 - INFO - Searching for W.P. Labuan:
2025-07-06 16:58:59,629 - INFO - Looking for nearby location button
2025-07-06 16:59:00,830 - INFO - Getting nearby location input search box 
2025-07-06 16:59:00,891 - INFO - Searching for KFC near Labuan, W.P. Labuan:
2025-07-06 16:59:08,119 - INFO - Looking for Searched Results
2025-07-06 16:59:08,145 - INFO - Found. Scrolling search results list
2025-07-06 16:59:25,712 - INFO - Extracting Page Source
2025-07-06 16:59:25,713 - INFO - KFC near Labuan, W.P. Labuan: 3
2025-07-06 16:59:25,715 - INFO - Data for W.P. Labuan was loaded into csv
2025-07-06 17:42:26,690 - INFO - Initializing WebDriver
2025-07-06 17:42:28,984 - INFO - Loading Google Maps
2025-07-06 17:42:32,869 - INFO - Getting input search box
2025-07-06 17:42:33,115 - INFO - Searching for W.P. Labuan:
2025-07-06 17:42:40,197 - INFO - Looking for nearby location button
2025-07-06 17:42:41,322 - INFO - Getting nearby location input search box 
2025-07-06 17:42:41,384 - INFO - Searching for KFC near Labuan, W.P. Labuan:
2025-07-06 17:42:48,506 - INFO - Looking for Searched Results
2025-07-06 17:42:48,533 - INFO - Found. Scrolling search results list
2025-07-06 17:43:05,987 - INFO - Extracting Page Source
2025-07-06 17:43:05,988 - INFO - KFC near Labuan, W.P. Labuan: 3
2025-07-06 17:43:05,989 - INFO - Data for W.P. Labuan was loaded into csv
2025-07-06 17:47:15,504 - INFO - Initializing WebDriver
2025-07-06 17:47:17,703 - INFO - Loading Google Maps
2025-07-06 17:47:21,468 - INFO - Getting input search box
2025-07-06 17:47:21,592 - INFO - Searching for W.P. Labuan:
2025-07-06 17:47:28,651 - INFO - Looking for nearby location button
2025-07-06 17:47:29,773 - INFO - Getting nearby location input search box 
2025-07-06 17:47:29,831 - INFO - Searching for KFC near Labuan, W.P. Labuan:
2025-07-06 17:47:37,064 - INFO - Looking for Searched Results
2025-07-06 17:47:37,092 - INFO - Found. Scrolling search results list
2025-07-06 17:47:54,534 - INFO - Extracting Page Source
2025-07-06 17:47:54,536 - INFO - KFC near Labuan, W.P. Labuan: 3
2025-07-06 17:47:54,538 - INFO - Data for W.P. Labuan was loaded into csv
